// Jest Snapshot v1, https://goo.gl/fbAQLP

exports[`Chats create snapshot Chats 1`] = `
<ScrollViewMock
  style={
    Object {
      "flex": 1,
    }
  }
>
  <SwipableUsers
    users={
      Array [
        Object {
          "id": 1,
          "messages": Array [
            Object {
              "date": "14 days ago",
              "id": 11,
              "recieved": false,
              "text": "hello",
            },
            Object {
              "date": "12 days ago",
              "id": 12,
              "recieved": true,
              "text": "hi bro",
            },
          ],
          "name": "Vasya",
          "online": "online",
        },
        Object {
          "id": 2,
          "messages": Array [
            Object {
              "date": "13 days ago",
              "id": 21,
              "recieved": false,
              "text": "Have a nice day!",
            },
            Object {
              "date": "10 days ago",
              "id": 22,
              "recieved": true,
              "text": "thanks",
            },
          ],
          "name": "Petya",
          "online": "last seen just now",
        },
        Object {
          "id": 3,
          "messages": Array [
            Object {
              "date": "8 days ago",
              "id": 31,
              "recieved": false,
              "text": "YO!",
            },
            Object {
              "date": "7 days ago",
              "id": 32,
              "recieved": true,
              "text": "HI!",
            },
          ],
          "name": "Kolya",
          "online": "last seen 10 minutes ago",
        },
      ]
    }
  />
</ScrollViewMock>
`;
