// Jest Snapshot v1, https://goo.gl/fbAQLP

exports[`Contacts create snapshot Contacts 1`] = `
<View
  style={
    Object {
      "flex": 1,
    }
  }
/>
`;
